// Jest Snapshot v1, https://goo.gl/fbAQLP

exports[`Menu renders correctly 1`] = `
<nav>
  <ul>
    <li>
      <a
        href="/"
      >
        Home
      </a>
    </li>
    <li>
      <a
        href="/cv"
      >
        Curriculum vitae
      </a>
    </li>
    <li>
      <a
        href="/contact"
      >
        Contact
      </a>
    </li>
  </ul>
</nav>
`;
